[09:22:32] 语料 chunks: 3914
[09:22:32] v4 金标: 100 题 (question 去重参照 + 排除其已用 100 个 chunk)
[09:22:32] 分层候选 chunks: 302 (覆盖 13 个 category)
[09:22:32] 配额: {'principle_recommendation': 20, 'contradiction_analysis': 20, 'ariz_guidance': 20, 'case_generation': 15, 'concept_explanation': 15, 'innovation_assessment': 10} | 待生成: 100
[09:22:40] [1] v5_gold_101 principle_recommendation chunk=triz-raw-00000587 kw=7 J_v4=0.107 (该子集剩 19)
[09:22:57] [2] v5_gold_102 contradiction_analysis chunk=triz-raw-00002076 kw=5 J_v4=0.014 (该子集剩 19)
[09:23:20] [3] v5_gold_103 ariz_guidance chunk=triz-raw-00000584 kw=7 J_v4=0.268 (该子集剩 19)
[09:23:37] [4] v5_gold_104 principle_recommendation chunk=triz-raw-00003048 kw=5 J_v4=0.100 (该子集剩 18)
[09:23:58] [5] v5_gold_105 contradiction_analysis chunk=triz-raw-00003022 kw=8 J_v4=0.271 (该子集剩 18)
[09:24:18] [6] v5_gold_106 ariz_guidance chunk=triz-raw-00000589 kw=7 J_v4=0.284 (该子集剩 18)
[09:24:40] [7] v5_gold_107 principle_recommendation chunk=triz-raw-00002703 kw=6 J_v4=0.124 (该子集剩 17)
[09:24:57] [8] v5_gold_108 contradiction_analysis chunk=triz-raw-00003448 kw=7 J_v4=0.241 (该子集剩 17)
[09:25:20] [9] v5_gold_109 ariz_guidance chunk=triz-raw-00002647 kw=5 J_v4=0.208 (该子集剩 17)
[09:25:37] [10] v5_gold_110 principle_recommendation chunk=triz-raw-00003007 kw=6 J_v4=0.105 (该子集剩 16)
[09:25:57] [11] v5_gold_111 contradiction_analysis chunk=triz-raw-00001981 kw=6 J_v4=0.089 (该子集剩 16)
[09:26:19] [12] v5_gold_112 ariz_guidance chunk=triz-raw-00001534 kw=6 J_v4=0.326 (该子集剩 16)
[09:26:38] [13] v5_gold_113 principle_recommendation chunk=triz-raw-00000433 kw=6 J_v4=0.163 (该子集剩 15)
[09:26:57] [14] v5_gold_114 contradiction_analysis chunk=triz-raw-00002981 kw=5 J_v4=0.234 (该子集剩 15)
[09:27:19] [15] v5_gold_115 ariz_guidance chunk=triz-raw-00002151 kw=4 J_v4=0.245 (该子集剩 15)
[09:27:37] [16] v5_gold_116 principle_recommendation chunk=triz-raw-00001173 kw=6 J_v4=0.137 (该子集剩 14)
[09:28:00] [17] v5_gold_117 contradiction_analysis chunk=triz-raw-00000132 kw=6 J_v4=0.091 (该子集剩 14)
[09:28:19] [18] v5_gold_118 concept_explanation chunk=triz-raw-00001954 kw=7 J_v4=0.257 (该子集剩 14)
[09:28:38] [19] v5_gold_119 case_generation chunk=triz-raw-00003616 kw=7 J_v4=0.080 (该子集剩 14)
[09:29:00] [20] v5_gold_120 ariz_guidance chunk=triz-raw-00000414 kw=5 J_v4=0.081 (该子集剩 14)
[09:29:18] [21] v5_gold_121 principle_recommendation chunk=triz-raw-00001862 kw=6 J_v4=0.116 (该子集剩 13)
[09:29:37] [22] v5_gold_122 contradiction_analysis chunk=triz-raw-00002553 kw=6 J_v4=0.091 (该子集剩 13)
[09:29:57] [23] v5_gold_123 concept_explanation chunk=triz-raw-00000776 kw=6 J_v4=0.094 (该子集剩 13)
[09:30:17] [24] v5_gold_124 case_generation chunk=triz-raw-00002099 kw=5 J_v4=0.090 (该子集剩 13)
[09:30:39] [25] v5_gold_125 ariz_guidance chunk=triz-raw-00000900 kw=4 J_v4=0.211 (该子集剩 13)
[09:31:00] [26] v5_gold_126 principle_recommendation chunk=triz-raw-00001501 kw=8 J_v4=0.085 (该子集剩 12)
[09:31:18] 生成调用失败 (attempt 1/3): Expecting value: line 5 column 5 (char 493)
[09:31:37] [27] v5_gold_127 contradiction_analysis chunk=triz-raw-00002233 kw=6 J_v4=0.194 (该子集剩 12)
[09:31:57] [28] v5_gold_128 concept_explanation chunk=triz-raw-00002412 kw=6 J_v4=0.137 (该子集剩 12)
[09:32:19] [29] v5_gold_129 case_generation chunk=triz-raw-00003389 kw=6 J_v4=0.021 (该子集剩 12)
[09:32:37] [30] v5_gold_130 ariz_guidance chunk=triz-raw-00001119 kw=3 J_v4=0.103 (该子集剩 12)
[09:32:58] [31] v5_gold_131 principle_recommendation chunk=triz-raw-00002696 kw=6 J_v4=0.139 (该子集剩 11)
[09:33:18] [32] v5_gold_132 contradiction_analysis chunk=triz-raw-00000372 kw=5 J_v4=0.055 (该子集剩 11)
[09:33:40] [33] v5_gold_133 concept_explanation chunk=triz-raw-00002640 kw=6 J_v4=0.281 (该子集剩 11)
[09:33:57] 生成调用失败 (attempt 1/3): Expecting value: line 5 column 5 (char 449)
[09:34:19] [34] v5_gold_134 case_generation chunk=triz-raw-00001472 kw=8 J_v4=0.072 (该子集剩 11)
[09:34:40] [35] v5_gold_135 ariz_guidance chunk=triz-raw-00002134 kw=7 J_v4=0.338 (该子集剩 11)
[09:34:59] [36] v5_gold_136 principle_recommendation chunk=triz-raw-00003259 kw=9 J_v4=0.203 (该子集剩 10)
[09:35:19] [37] v5_gold_137 contradiction_analysis chunk=triz-raw-00001288 kw=6 J_v4=0.143 (该子集剩 10)
[09:35:38] [38] v5_gold_138 concept_explanation chunk=triz-raw-00000473 kw=6 J_v4=0.150 (该子集剩 10)
[09:36:00] [39] v5_gold_139 case_generation chunk=triz-raw-00003311 kw=6 J_v4=0.074 (该子集剩 10)
[09:36:18] [40] v5_gold_140 ariz_guidance chunk=triz-raw-00003496 kw=4 J_v4=0.195 (该子集剩 10)
[09:36:39] [41] v5_gold_141 principle_recommendation chunk=triz-raw-00002050 kw=6 J_v4=0.206 (该子集剩 9)
[09:36:58] [42] v5_gold_142 innovation_assessment chunk=triz-raw-00001522 kw=6 J_v4=0.115 (该子集剩 9)
[09:37:16] [43] v5_gold_143 contradiction_analysis chunk=triz-raw-00000021 kw=5 J_v4=0.095 (该子集剩 9)
[09:37:37] [44] v5_gold_144 concept_explanation chunk=triz-raw-00001564 kw=4 J_v4=0.333 (该子集剩 9)
[09:37:59] [45] v5_gold_145 case_generation chunk=triz-raw-00003054 kw=5 J_v4=0.063 (该子集剩 9)
[09:38:21] [46] v5_gold_146 ariz_guidance chunk=triz-raw-00001087 kw=5 J_v4=0.262 (该子集剩 9)
[09:38:36] [47] v5_gold_147 principle_recommendation chunk=triz-raw-00001789 kw=5 J_v4=0.101 (该子集剩 8)
[09:38:58] [48] v5_gold_148 innovation_assessment chunk=triz-raw-00001629 kw=5 J_v4=0.119 (该子集剩 8)
[09:39:18] [49] v5_gold_149 contradiction_analysis chunk=triz-raw-00001562 kw=6 J_v4=0.081 (该子集剩 8)
[09:39:38] [50] v5_gold_150 concept_explanation chunk=triz-raw-00002358 kw=6 J_v4=0.170 (该子集剩 8)
[09:39:57] [51] v5_gold_151 case_generation chunk=triz-raw-00003252 kw=6 J_v4=0.027 (该子集剩 8)
[09:40:18] [52] v5_gold_152 ariz_guidance chunk=triz-raw-00000358 kw=3 J_v4=0.054 (该子集剩 8)
[09:40:38] [53] v5_gold_153 principle_recommendation chunk=triz-raw-00003441 kw=5 J_v4=0.157 (该子集剩 7)
[09:40:57] [54] v5_gold_154 innovation_assessment chunk=triz-raw-00000594 kw=6 J_v4=0.222 (该子集剩 7)
[09:41:18] [55] v5_gold_155 contradiction_analysis chunk=triz-raw-00003204 kw=6 J_v4=0.127 (该子集剩 7)
[09:41:38] [56] v5_gold_156 concept_explanation chunk=triz-raw-00002723 kw=6 J_v4=0.211 (该子集剩 7)
[09:42:02] [57] v5_gold_157 case_generation chunk=triz-raw-00001969 kw=7 J_v4=0.028 (该子集剩 7)
[09:42:20] [58] v5_gold_158 ariz_guidance chunk=triz-raw-00001408 kw=4 J_v4=0.130 (该子集剩 7)
[09:42:38] [59] v5_gold_159 principle_recommendation chunk=triz-raw-00000577 kw=7 J_v4=0.109 (该子集剩 6)
[09:42:57] [60] v5_gold_160 innovation_assessment chunk=triz-raw-00001660 kw=6 J_v4=0.253 (该子集剩 6)
[09:43:18] [61] v5_gold_161 contradiction_analysis chunk=triz-raw-00003335 kw=6 J_v4=0.134 (该子集剩 6)
[09:43:36] [62] v5_gold_162 concept_explanation chunk=triz-raw-00003329 kw=5 J_v4=0.049 (该子集剩 6)
[09:43:58] [63] v5_gold_163 case_generation chunk=triz-raw-00002704 kw=5 J_v4=0.090 (该子集剩 6)
[09:44:19] [64] v5_gold_164 ariz_guidance chunk=triz-raw-00000556 kw=6 J_v4=0.233 (该子集剩 6)
[09:44:38] [65] v5_gold_165 principle_recommendation chunk=triz-raw-00002874 kw=4 J_v4=0.115 (该子集剩 5)
[09:44:58] [66] v5_gold_166 innovation_assessment chunk=triz-raw-00002350 kw=4 J_v4=0.127 (该子集剩 5)
[09:45:21] [67] v5_gold_167 contradiction_analysis chunk=triz-raw-00001840 kw=6 J_v4=0.179 (该子集剩 5)
[09:45:37] [68] v5_gold_168 concept_explanation chunk=triz-raw-00003779 kw=7 J_v4=0.136 (该子集剩 5)
[09:46:00] [69] v5_gold_169 case_generation chunk=triz-raw-00003851 kw=6 J_v4=0.049 (该子集剩 5)
[09:46:21] [70] v5_gold_170 ariz_guidance chunk=triz-raw-00003404 kw=6 J_v4=0.290 (该子集剩 5)
[09:46:39] [71] v5_gold_171 principle_recommendation chunk=triz-raw-00001989 kw=6 J_v4=0.062 (该子集剩 4)
[09:46:58] [72] v5_gold_172 innovation_assessment chunk=triz-raw-00000210 kw=5 J_v4=0.152 (该子集剩 4)
[09:47:18] [73] v5_gold_173 contradiction_analysis chunk=triz-raw-00001086 kw=8 J_v4=0.127 (该子集剩 4)
[09:47:37] [74] v5_gold_174 concept_explanation chunk=triz-raw-00003374 kw=5 J_v4=0.128 (该子集剩 4)
[09:47:57] [75] v5_gold_175 case_generation chunk=triz-raw-00001649 kw=6 J_v4=0.050 (该子集剩 4)
[09:48:18] [76] v5_gold_176 ariz_guidance chunk=triz-raw-00003582 kw=6 J_v4=0.066 (该子集剩 4)
[09:48:39] [77] v5_gold_177 principle_recommendation chunk=triz-raw-00001941 kw=7 J_v4=0.224 (该子集剩 3)
[09:48:59] [78] v5_gold_178 innovation_assessment chunk=triz-raw-00003741 kw=6 J_v4=0.128 (该子集剩 3)
[09:49:18] [79] v5_gold_179 contradiction_analysis chunk=triz-raw-00002348 kw=6 J_v4=0.077 (该子集剩 3)
[09:49:37] [80] v5_gold_180 concept_explanation chunk=triz-raw-00000972 kw=4 J_v4=0.158 (该子集剩 3)
[09:49:57] [81] v5_gold_181 case_generation chunk=triz-raw-00001003 kw=6 J_v4=0.097 (该子集剩 3)
[09:50:19] [82] v5_gold_182 ariz_guidance chunk=triz-raw-00000639 kw=6 J_v4=0.024 (该子集剩 3)
[09:50:37] 生成调用失败 (attempt 1/3): Expecting value: line 5 column 5 (char 457)
[09:50:58] 生成调用失败 (attempt 2/3): Invalid control character at: line 3 column 68 (char 170)
[09:51:18] [83] v5_gold_183 principle_recommendation chunk=triz-raw-00003031 kw=7 J_v4=0.118 (该子集剩 2)
[09:51:39] [84] v5_gold_184 innovation_assessment chunk=triz-raw-00000044 kw=8 J_v4=0.174 (该子集剩 2)
[09:51:58] [85] v5_gold_185 contradiction_analysis chunk=triz-raw-00003205 kw=7 J_v4=0.125 (该子集剩 2)
[09:52:18] [86] v5_gold_186 concept_explanation chunk=triz-raw-00003269 kw=6 J_v4=0.111 (该子集剩 2)
[09:52:39] [87] v5_gold_187 case_generation chunk=triz-raw-00002471 kw=5 J_v4=0.066 (该子集剩 2)
[09:52:59] [88] v5_gold_188 ariz_guidance chunk=triz-raw-00000833 kw=6 J_v4=0.028 (该子集剩 2)
[09:53:18] [89] v5_gold_189 principle_recommendation chunk=triz-raw-00003533 kw=7 J_v4=0.070 (该子集剩 1)
[09:53:37] [90] v5_gold_190 innovation_assessment chunk=triz-raw-00002180 kw=6 J_v4=0.237 (该子集剩 1)
[09:53:57] [91] v5_gold_191 contradiction_analysis chunk=triz-raw-00000706 kw=7 J_v4=0.106 (该子集剩 1)
[09:54:18] [92] v5_gold_192 concept_explanation chunk=triz-raw-00002989 kw=7 J_v4=0.051 (该子集剩 1)
[09:54:38] [93] v5_gold_193 case_generation chunk=triz-raw-00003491 kw=7 J_v4=0.080 (该子集剩 1)
[09:54:58] [拒] ariz_guidance chunk=triz-raw-00002819 (解析/校验失败, 补抽)
[09:55:18] [94] v5_gold_194 ariz_guidance chunk=triz-raw-00002872 kw=3 J_v4=0.356 (该子集剩 1)
[09:55:38] [95] v5_gold_195 principle_recommendation chunk=triz-raw-00000565 kw=7 J_v4=0.073 (该子集剩 0)
[09:55:57] [96] v5_gold_196 innovation_assessment chunk=triz-raw-00002415 kw=5 J_v4=0.153 (该子集剩 0)
[09:56:18] [97] v5_gold_197 contradiction_analysis chunk=triz-raw-00002308 kw=6 J_v4=0.134 (该子集剩 0)
[09:56:37] [98] v5_gold_198 concept_explanation chunk=triz-raw-00001384 kw=7 J_v4=0.184 (该子集剩 0)
[09:56:57] [99] v5_gold_199 case_generation chunk=triz-raw-00000308 kw=6 J_v4=0.059 (该子集剩 0)
[09:57:19] [100] v5_gold_200 ariz_guidance chunk=triz-raw-00000416 kw=5 J_v4=0.038 (该子集剩 0)
[09:57:19] 本轮: 接受 100 题, 校验拒绝 1 次, 去重拒绝 0 次; 累计 100 题
[09:57:19] 抽检队列: /home/chinux/jupyterlab/meerkatai/data/processed/v5_data/v5_gold_review.md (自动初检 FAIL 12 题)
